// Jest Snapshot v1, https://goo.gl/fbAQLP

exports[`Movies renders correctly 1`] = `
<View>
  <Text>
    Movies
  </Text>
</View>
`;
